
> vite_react_shadcn_ts@0.0.0 test
> vitest run


[1m[46m RUN [49m[22m [36mv3.2.4 [39m[90mC:/Users/user/Desktop/MEDCORE[39m

 [32mΓ£ô[39m src/test/clinic-settings.test.ts [2m([22m[2m3 tests[22m[2m)[22m[32m 9[2mms[22m[39m
node.exe : [90mstderr[2m | src/test/employee-login.test.tsx[2m > 
[22m[2mEmployeeLoginPage - default admin fallback[2m > [22m[2mwrites 
default_admin_force_reset flag and redirects to settings
At line:1 char:1
+ & "C:\Program Files\nodejs/node.exe" "C:\Program Files\nodejs/node_mo ...
+ ~~~~~~~~~~~~~~~~~~~~~~~~~~~~~~~~~~~~~~~~~~~~~~~~~~~~~~~~~~~~~~~~~~~~~
    + CategoryInfo          : NotSpecified: ([90mstderr[2m...cts to settings 
   :String) [], RemoteException
    + FullyQualifiedErrorId : NativeCommandError
 
[22m[39mΓÜá∩╕Å React Router Future Flag Warning: React Router will begin 
wrapping state updates in `React.startTransition` in v7. You can use the 
`v7_startTransition` future flag to opt-in early. For more information, see 
https://reactrouter.com/v6/upgrading/future#v7_starttransition.
ΓÜá∩╕Å React Router Future Flag Warning: Relative route resolution within 
Splat routes is changing in v7. You can use the `v7_relativeSplatPath` future 
flag to opt-in early. For more information, see 
https://reactrouter.com/v6/upgrading/future#v7_relativesplatpath.

[90mstderr[2m | src/test/employee-login.test.tsx[2m > 
[22m[2mEmployeeLoginPage - default admin fallback[2m > [22m[2mwrites 
default_admin_force_reset flag and redirects to settings
[22m[39mWarning: An update to EmployeeLoginPage inside a test was not 
wrapped in act(...).

When testing, code that causes React state updates should be wrapped into 
act(...):

act(() => {
  /* fire events that update state */
});
/* assert on the output */

This ensures that you're testing the behavior the user would see in the 
browser. Learn more at https://reactjs.org/link/wrap-tests-with-act
    at EmployeeLoginPage 
(C:\Users\user\Desktop\MEDCORE\src\pages\EmployeeLoginPage.tsx:55:44)
    at RenderedRoute (C:\Users\user\Desktop\MEDCORE\node_modules\react-router\d
ist\umd\react-router.development.js:539:7)
    at Routes (C:\Users\user\Desktop\MEDCORE\node_modules\react-router\dist\umd
\react-router.development.js:1273:7)
    at Router (C:\Users\user\Desktop\MEDCORE\node_modules\react-router\dist\umd
\react-router.development.js:1207:17)
    at MemoryRouter (C:\Users\user\Desktop\MEDCORE\node_modules\react-router\di
st\umd\react-router.development.js:1101:7)
Warning: An update to EmployeeLoginPage inside a test was not wrapped in 
act(...).

When testing, code that causes React state updates should be wrapped into 
act(...):

act(() => {
  /* fire events that update state */
});
/* assert on the output */

This ensures that you're testing the behavior the user would see in the 
browser. Learn more at https://reactjs.org/link/wrap-tests-with-act
    at EmployeeLoginPage 
(C:\Users\user\Desktop\MEDCORE\src\pages\EmployeeLoginPage.tsx:55:44)
    at RenderedRoute (C:\Users\user\Desktop\MEDCORE\node_modules\react-router\d
ist\umd\react-router.development.js:539:7)
    at Routes (C:\Users\user\Desktop\MEDCORE\node_modules\react-router\dist\umd
\react-router.development.js:1273:7)
    at Router (C:\Users\user\Desktop\MEDCORE\node_modules\react-router\dist\umd
\react-router.development.js:1207:17)
    at MemoryRouter (C:\Users\user\Desktop\MEDCORE\node_modules\react-router\di
st\umd\react-router.development.js:1101:7)
Warning: An update to EmployeeLoginPage inside a test was not wrapped in 
act(...).

When testing, code that causes React state updates should be wrapped into 
act(...):

act(() => {
  /* fire events that update state */
});
/* assert on the output */

This ensures that you're testing the behavior the user would see in the 
browser. Learn more at https://reactjs.org/link/wrap-tests-with-act
    at EmployeeLoginPage 
(C:\Users\user\Desktop\MEDCORE\src\pages\EmployeeLoginPage.tsx:55:44)
    at RenderedRoute (C:\Users\user\Desktop\MEDCORE\node_modules\react-router\d
ist\umd\react-router.development.js:539:7)
    at Routes (C:\Users\user\Desktop\MEDCORE\node_modules\react-router\dist\umd
\react-router.development.js:1273:7)
    at Router (C:\Users\user\Desktop\MEDCORE\node_modules\react-router\dist\umd
\react-router.development.js:1207:17)
    at MemoryRouter (C:\Users\user\Desktop\MEDCORE\node_modules\react-router\di
st\umd\react-router.development.js:1101:7)
Warning: An update to EmployeeLoginPage inside a test was not wrapped in 
act(...).

When testing, code that causes React state updates should be wrapped into 
act(...):

act(() => {
  /* fire events that update state */
});
/* assert on the output */

This ensures that you're testing the behavior the user would see in the 
browser. Learn more at https://reactjs.org/link/wrap-tests-with-act
    at EmployeeLoginPage 
(C:\Users\user\Desktop\MEDCORE\src\pages\EmployeeLoginPage.tsx:55:44)
    at RenderedRoute (C:\Users\user\Desktop\MEDCORE\node_modules\react-router\d
ist\umd\react-router.development.js:539:7)
    at Routes (C:\Users\user\Desktop\MEDCORE\node_modules\react-router\dist\umd
\react-router.development.js:1273:7)
    at Router (C:\Users\user\Desktop\MEDCORE\node_modules\react-router\dist\umd
\react-router.development.js:1207:17)
    at MemoryRouter (C:\Users\user\Desktop\MEDCORE\node_modules\react-router\di
st\umd\react-router.development.js:1101:7)
Warning: An update to EmployeeLoginPage inside a test was not wrapped in 
act(...).

When testing, code that causes React state updates should be wrapped into 
act(...):

act(() => {
  /* fire events that update state */
});
/* assert on the output */

This ensures that you're testing the behavior the user would see in the 
browser. Learn more at https://reactjs.org/link/wrap-tests-with-act
    at EmployeeLoginPage 
(C:\Users\user\Desktop\MEDCORE\src\pages\EmployeeLoginPage.tsx:55:44)
    at RenderedRoute (C:\Users\user\Desktop\MEDCORE\node_modules\react-router\d
ist\umd\react-router.development.js:539:7)
    at Routes (C:\Users\user\Desktop\MEDCORE\node_modules\react-router\dist\umd
\react-router.development.js:1273:7)
    at Router (C:\Users\user\Desktop\MEDCORE\node_modules\react-router\dist\umd
\react-router.development.js:1207:17)
    at MemoryRouter (C:\Users\user\Desktop\MEDCORE\node_modules\react-router\di
st\umd\react-router.development.js:1101:7)
Warning: An update to EmployeeLoginPage inside a test was not wrapped in 
act(...).

When testing, code that causes React state updates should be wrapped into 
act(...):

act(() => {
  /* fire events that update state */
});
/* assert on the output */

This ensures that you're testing the behavior the user would see in the 
browser. Learn more at https://reactjs.org/link/wrap-tests-with-act
    at EmployeeLoginPage 
(C:\Users\user\Desktop\MEDCORE\src\pages\EmployeeLoginPage.tsx:55:44)
    at RenderedRoute (C:\Users\user\Desktop\MEDCORE\node_modules\react-router\d
ist\umd\react-router.development.js:539:7)
    at Routes (C:\Users\user\Desktop\MEDCORE\node_modules\react-router\dist\umd
\react-router.development.js:1273:7)
    at Router (C:\Users\user\Desktop\MEDCORE\node_modules\react-router\dist\umd
\react-router.development.js:1207:17)
    at MemoryRouter (C:\Users\user\Desktop\MEDCORE\node_modules\react-router\di
st\umd\react-router.development.js:1101:7)
Warning: An update to EmployeeLoginPage inside a test was not wrapped in 
act(...).

When testing, code that causes React state updates should be wrapped into 
act(...):

act(() => {
  /* fire events that update state */
});
/* assert on the output */

This ensures that you're testing the behavior the user would see in the 
browser. Learn more at https://reactjs.org/link/wrap-tests-with-act
    at EmployeeLoginPage 
(C:\Users\user\Desktop\MEDCORE\src\pages\EmployeeLoginPage.tsx:55:44)
    at RenderedRoute (C:\Users\user\Desktop\MEDCORE\node_modules\react-router\d
ist\umd\react-router.development.js:539:7)
    at Routes (C:\Users\user\Desktop\MEDCORE\node_modules\react-router\dist\umd
\react-router.development.js:1273:7)
    at Router (C:\Users\user\Desktop\MEDCORE\node_modules\react-router\dist\umd
\react-router.development.js:1207:17)
    at MemoryRouter (C:\Users\user\Desktop\MEDCORE\node_modules\react-router\di
st\umd\react-router.development.js:1101:7)
Warning: An update to EmployeeLoginPage inside a test was not wrapped in 
act(...).

When testing, code that causes React state updates should be wrapped into 
act(...):

act(() => {
  /* fire events that update state */
});
/* assert on the output */

This ensures that you're testing the behavior the user would see in the 
browser. Learn more at https://reactjs.org/link/wrap-tests-with-act
    at EmployeeLoginPage 
(C:\Users\user\Desktop\MEDCORE\src\pages\EmployeeLoginPage.tsx:55:44)
    at RenderedRoute (C:\Users\user\Desktop\MEDCORE\node_modules\react-router\d
ist\umd\react-router.development.js:539:7)
    at Routes (C:\Users\user\Desktop\MEDCORE\node_modules\react-router\dist\umd
\react-router.development.js:1273:7)
    at Router (C:\Users\user\Desktop\MEDCORE\node_modules\react-router\dist\umd
\react-router.development.js:1207:17)
    at MemoryRouter (C:\Users\user\Desktop\MEDCORE\node_modules\react-router\di
st\umd\react-router.development.js:1101:7)
Warning: An update to EmployeeLoginPage inside a test was not wrapped in 
act(...).

When testing, code that causes React state updates should be wrapped into 
act(...):

act(() => {
  /* fire events that update state */
});
/* assert on the output */

This ensures that you're testing the behavior the user would see in the 
browser. Learn more at https://reactjs.org/link/wrap-tests-with-act
    at EmployeeLoginPage 
(C:\Users\user\Desktop\MEDCORE\src\pages\EmployeeLoginPage.tsx:55:44)
    at RenderedRoute (C:\Users\user\Desktop\MEDCORE\node_modules\react-router\d
ist\umd\react-router.development.js:539:7)
    at Routes (C:\Users\user\Desktop\MEDCORE\node_modules\react-router\dist\umd
\react-router.development.js:1273:7)
    at Router (C:\Users\user\Desktop\MEDCORE\node_modules\react-router\dist\umd
\react-router.development.js:1207:17)
    at MemoryRouter (C:\Users\user\Desktop\MEDCORE\node_modules\react-router\di
st\umd\react-router.development.js:1101:7)
Warning: An update to EmployeeLoginPage inside a test was not wrapped in 
act(...).

When testing, code that causes React state updates should be wrapped into 
act(...):

act(() => {
  /* fire events that update state */
});
/* assert on the output */

This ensures that you're testing the behavior the user would see in the 
browser. Learn more at https://reactjs.org/link/wrap-tests-with-act
    at EmployeeLoginPage 
(C:\Users\user\Desktop\MEDCORE\src\pages\EmployeeLoginPage.tsx:55:44)
    at RenderedRoute (C:\Users\user\Desktop\MEDCORE\node_modules\react-router\d
ist\umd\react-router.development.js:539:7)
    at Routes (C:\Users\user\Desktop\MEDCORE\node_modules\react-router\dist\umd
\react-router.development.js:1273:7)
    at Router (C:\Users\user\Desktop\MEDCORE\node_modules\react-router\dist\umd
\react-router.development.js:1207:17)
    at MemoryRouter (C:\Users\user\Desktop\MEDCORE\node_modules\react-router\di
st\umd\react-router.development.js:1101:7)
Warning: An update to EmployeeLoginPage inside a test was not wrapped in 
act(...).

When testing, code that causes React state updates should be wrapped into 
act(...):

act(() => {
  /* fire events that update state */
});
/* assert on the output */

This ensures that you're testing the behavior the user would see in the 
browser. Learn more at https://reactjs.org/link/wrap-tests-with-act
    at EmployeeLoginPage 
(C:\Users\user\Desktop\MEDCORE\src\pages\EmployeeLoginPage.tsx:55:44)
    at RenderedRoute (C:\Users\user\Desktop\MEDCORE\node_modules\react-router\d
ist\umd\react-router.development.js:539:7)
    at Routes (C:\Users\user\Desktop\MEDCORE\node_modules\react-router\dist\umd
\react-router.development.js:1273:7)
    at Router (C:\Users\user\Desktop\MEDCORE\node_modules\react-router\dist\umd
\react-router.development.js:1207:17)
    at MemoryRouter (C:\Users\user\Desktop\MEDCORE\node_modules\react-router\di
st\umd\react-router.development.js:1101:7)
Warning: An update to EmployeeLoginPage inside a test was not wrapped in 
act(...).

When testing, code that causes React state updates should be wrapped into 
act(...):

act(() => {
  /* fire events that update state */
});
/* assert on the output */

This ensures that you're testing the behavior the user would see in the 
browser. Learn more at https://reactjs.org/link/wrap-tests-with-act
    at EmployeeLoginPage 
(C:\Users\user\Desktop\MEDCORE\src\pages\EmployeeLoginPage.tsx:55:44)
    at RenderedRoute (C:\Users\user\Desktop\MEDCORE\node_modules\react-router\d
ist\umd\react-router.development.js:539:7)
    at Routes (C:\Users\user\Desktop\MEDCORE\node_modules\react-router\dist\umd
\react-router.development.js:1273:7)
    at Router (C:\Users\user\Desktop\MEDCORE\node_modules\react-router\dist\umd
\react-router.development.js:1207:17)
    at MemoryRouter (C:\Users\user\Desktop\MEDCORE\node_modules\react-router\di
st\umd\react-router.development.js:1101:7)
Warning: An update to EmployeeLoginPage inside a test was not wrapped in 
act(...).

When testing, code that causes React state updates should be wrapped into 
act(...):

act(() => {
  /* fire events that update state */
});
/* assert on the output */

This ensures that you're testing the behavior the user would see in the 
browser. Learn more at https://reactjs.org/link/wrap-tests-with-act
    at EmployeeLoginPage 
(C:\Users\user\Desktop\MEDCORE\src\pages\EmployeeLoginPage.tsx:55:44)
    at RenderedRoute (C:\Users\user\Desktop\MEDCORE\node_modules\react-router\d
ist\umd\react-router.development.js:539:7)
    at Routes (C:\Users\user\Desktop\MEDCORE\node_modules\react-router\dist\umd
\react-router.development.js:1273:7)
    at Router (C:\Users\user\Desktop\MEDCORE\node_modules\react-router\dist\umd
\react-router.development.js:1207:17)
    at MemoryRouter (C:\Users\user\Desktop\MEDCORE\node_modules\react-router\di
st\umd\react-router.development.js:1101:7)
Warning: An update to EmployeeLoginPage inside a test was not wrapped in 
act(...).

When testing, code that causes React state updates should be wrapped into 
act(...):

act(() => {
  /* fire events that update state */
});
/* assert on the output */

This ensures that you're testing the behavior the user would see in the 
browser. Learn more at https://reactjs.org/link/wrap-tests-with-act
    at EmployeeLoginPage 
(C:\Users\user\Desktop\MEDCORE\src\pages\EmployeeLoginPage.tsx:55:44)
    at RenderedRoute (C:\Users\user\Desktop\MEDCORE\node_modules\react-router\d
ist\umd\react-router.development.js:539:7)
    at Routes (C:\Users\user\Desktop\MEDCORE\node_modules\react-router\dist\umd
\react-router.development.js:1273:7)
    at Router (C:\Users\user\Desktop\MEDCORE\node_modules\react-router\dist\umd
\react-router.development.js:1207:17)
    at MemoryRouter (C:\Users\user\Desktop\MEDCORE\node_modules\react-router\di
st\umd\react-router.development.js:1101:7)

[90mstderr[2m | src/test/employee-login.test.tsx[2m > 
[22m[2mEmployeeLoginPage - default admin fallback[2m > [22m[2mwrites 
default_admin_force_reset flag and redirects to settings
[22m[39mWarning: An update to EmployeeLoginPage inside a test was not 
wrapped in act(...).

When testing, code that causes React state updates should be wrapped into 
act(...):

act(() => {
  /* fire events that update state */
});
/* assert on the output */

This ensures that you're testing the behavior the user would see in the 
browser. Learn more at https://reactjs.org/link/wrap-tests-with-act
    at EmployeeLoginPage 
(C:\Users\user\Desktop\MEDCORE\src\pages\EmployeeLoginPage.tsx:55:44)
    at RenderedRoute (C:\Users\user\Desktop\MEDCORE\node_modules\react-router\d
ist\umd\react-router.development.js:539:7)
    at Routes (C:\Users\user\Desktop\MEDCORE\node_modules\react-router\dist\umd
\react-router.development.js:1273:7)
    at Router (C:\Users\user\Desktop\MEDCORE\node_modules\react-router\dist\umd
\react-router.development.js:1207:17)
    at MemoryRouter (C:\Users\user\Desktop\MEDCORE\node_modules\react-router\di
st\umd\react-router.development.js:1101:7)
Warning: An update to EmployeeLoginPage inside a test was not wrapped in 
act(...).

When testing, code that causes React state updates should be wrapped into 
act(...):

act(() => {
  /* fire events that update state */
});
/* assert on the output */

This ensures that you're testing the behavior the user would see in the 
browser. Learn more at https://reactjs.org/link/wrap-tests-with-act
    at EmployeeLoginPage 
(C:\Users\user\Desktop\MEDCORE\src\pages\EmployeeLoginPage.tsx:55:44)
    at RenderedRoute (C:\Users\user\Desktop\MEDCORE\node_modules\react-router\d
ist\umd\react-router.development.js:539:7)
    at Routes (C:\Users\user\Desktop\MEDCORE\node_modules\react-router\dist\umd
\react-router.development.js:1273:7)
    at Router (C:\Users\user\Desktop\MEDCORE\node_modules\react-router\dist\umd
\react-router.development.js:1207:17)
    at MemoryRouter (C:\Users\user\Desktop\MEDCORE\node_modules\react-router\di
st\umd\react-router.development.js:1101:7)
Warning: An update to EmployeeLoginPage inside a test was not wrapped in 
act(...).

When testing, code that causes React state updates should be wrapped into 
act(...):

act(() => {
  /* fire events that update state */
});
/* assert on the output */

This ensures that you're testing the behavior the user would see in the 
browser. Learn more at https://reactjs.org/link/wrap-tests-with-act
    at EmployeeLoginPage 
(C:\Users\user\Desktop\MEDCORE\src\pages\EmployeeLoginPage.tsx:55:44)
    at RenderedRoute (C:\Users\user\Desktop\MEDCORE\node_modules\react-router\d
ist\umd\react-router.development.js:539:7)
    at Routes (C:\Users\user\Desktop\MEDCORE\node_modules\react-router\dist\umd
\react-router.development.js:1273:7)
    at Router (C:\Users\user\Desktop\MEDCORE\node_modules\react-router\dist\umd
\react-router.development.js:1207:17)
    at MemoryRouter (C:\Users\user\Desktop\MEDCORE\node_modules\react-router\di
st\umd\react-router.development.js:1101:7)
Warning: An update to EmployeeLoginPage inside a test was not wrapped in 
act(...).

When testing, code that causes React state updates should be wrapped into 
act(...):

act(() => {
  /* fire events that update state */
});
/* assert on the output */

This ensures that you're testing the behavior the user would see in the 
browser. Learn more at https://reactjs.org/link/wrap-tests-with-act
    at EmployeeLoginPage 
(C:\Users\user\Desktop\MEDCORE\src\pages\EmployeeLoginPage.tsx:55:44)
    at RenderedRoute (C:\Users\user\Desktop\MEDCORE\node_modules\react-router\d
ist\umd\react-router.development.js:539:7)
    at Routes (C:\Users\user\Desktop\MEDCORE\node_modules\react-router\dist\umd
\react-router.development.js:1273:7)
    at Router (C:\Users\user\Desktop\MEDCORE\node_modules\react-router\dist\umd
\react-router.development.js:1207:17)
    at MemoryRouter (C:\Users\user\Desktop\MEDCORE\node_modules\react-router\di
st\umd\react-router.development.js:1101:7)
Warning: An update to EmployeeLoginPage inside a test was not wrapped in 
act(...).

When testing, code that causes React state updates should be wrapped into 
act(...):

act(() => {
  /* fire events that update state */
});
/* assert on the output */

This ensures that you're testing the behavior the user would see in the 
browser. Learn more at https://reactjs.org/link/wrap-tests-with-act
 [31mΓ¥»[39m src/test/employee-login.test.tsx [2m([22m[2m1 test[22m[2m | [22m[31m1 failed[39m[2m)[22m[33m 456[2mms[22m[39m
    at EmployeeLoginPage 
(C:\Users\user\Desktop\MEDCORE\src\pages\EmployeeLoginPage.tsx:55:44)
    at RenderedRoute (C:\Users\user\Desktop\MEDCORE\node_modules\react-router\d
ist\umd\react-router.development.js:539:7)
    at Routes (C:\Users\user\Desktop\MEDCORE\node_modules\react-router\dist\umd
\react-router.development.js:1273:7)
    at Router (C:\Users\user\Desktop\MEDCORE\node_modules\react-router\dist\umd
\react-router.development.js:1207:17)
    at MemoryRouter (C:\Users\user\Desktop\MEDCORE\node_modules\react-router\di
st\umd\react-router.development.js:1101:7)
Warning: An update to EmployeeLoginPage inside a test was not wrapped in 
act(...).

When testing, code that causes React state updates should be wrapped into 
act(...):

act(() => {
  /* fire events that update state */
});
/* assert on the output */

This ensures that you're testing the behavior the user would see in the 
browser. Learn more at https://reactjs.org/link/wrap-tests-with-act
    at EmployeeLoginPage 
(C:\Users\user\Desktop\MEDCORE\src\pages\EmployeeLoginPage.tsx:55:44)
    at RenderedRoute (C:\Users\user\Desktop\MEDCORE\node_modules\react-router\d
ist\umd\react-router.development.js:539:7)
    at Routes (C:\Users\user\Desktop\MEDCORE\node_modules\react-router\dist\umd
\react-router.development.js:1273:7)
    at Router (C:\Users\user\Desktop\MEDCORE\node_modules\react-router\dist\umd
\react-router.development.js:1207:17)
    at MemoryRouter (C:\Users\user\Desktop\MEDCORE\node_modules\react-router\di
st\umd\react-router.development.js:1101:7)

[31m   [31m├ù[31m EmployeeLoginPage - default admin fallback[2m > [22mwrites default_admin_force_reset flag and redirects to settings[39m[33m 452[2mms[22m[39m
[31m     ΓåÆ Unable to find an accessible element with the role "button" and name `/Verify & Sign In/i`

Here are the accessible roles:

  img:

  Name "logo":
  [36m<img[31m
    [33malt[31m=[32m"logo"[31m
    [33mclass[31m=[32m"h-10"[31m
    [33msrc[31m=[32m"/src/assets/medicore-logo.png"[31m
  [36m/>[31m

  --------------------------------------------------
  heading:

  Name "Employee Verification":
  [36m<h2[31m
    [33mclass[31m=[32m"text-xl font-bold"[31m
  [36m/>[31m

  --------------------------------------------------
  strong:

  Name "":
  [36m<strong />[31m

  --------------------------------------------------
  combobox:

  Name "":
  [36m<select[31m
    [33mclass[31m=[32m"w-full p-2 border rounded mb-4"[31m
    [33mdisabled[31m=[32m""[31m
  [36m/>[31m

  --------------------------------------------------
  option:

  Name "Select an employee":
  [36m<option[31m
    [33mvalue[31m=[32m""[31m
  [36m/>[31m

  --------------------------------------------------
  button:

  Name "Verifying...":
  [36m<button[31m
    [33mclass[31m=[32m"inline-flex items-center justify-center gap-2 whitespace-nowrap rounded-md text-sm font-medium ring-offset-background transition-colors focus-visible:outline-none focus-visible:ring-2 focus-visible:ring-ring focus-visible:ring-offset-2 disabled:pointer-events-none disabled:opacity-50 [&_svg]:pointer-events-none [&_svg]:size-4 [&_svg]:shrink-0 bg-primary text-primary-foreground hover:bg-primary/90 h-10 px-4 py-2"[31m
    [33mdisabled[31m=[32m""[31m
  [36m/>[31m

  --------------------------------------------------

Ignored nodes: comments, script, style
[36m<body>[31m
  [36m<div>[31m
    [36m<div[31m
      [33mclass[31m=[32m"min-h-screen flex items-center justify-center bg-slate-100"[31m
    [36m>[31m
      [36m<div[31m
        [33mclass[31m=[32m"w-full max-w-md bg-white p-6 rounded-md shadow"[31m
      [36m>[31m
        [36m<div[31m
          [33mclass[31m=[32m"flex items-center gap-3 mb-6"[31m
        [36m>[31m
          [36m<img[31m
            [33malt[31m=[32m"logo"[31m
            [33mclass[31m=[32m"h-10"[31m
            [33msrc[31m=[32m"/src/assets/medicore-logo.png"[31m
          [36m/>[31m
          [36m<h2[31m
            [33mclass[31m=[32m"text-xl font-bold"[31m
          [36m>[31m
            [0mEmployee Verification[0m
          [36m</h2>[31m
        [36m</div>[31m
        [36m<div[31m
          [33mclass[31m=[32m"p-3 mb-4 border rounded bg-yellow-50 text-slate-700"[31m
        [36m>[31m
          [0mNo employee records found. Default administrator is enabled with PIN [0m
          [36m<strong>[31m
            [0m12345[0m
          [36m</strong>[31m
          [0m. Please change your password immediately in Settings after login.[0m
        [36m</div>[31m
        [36m<label[31m
          [33mclass[31m=[32m"text-sm font-medium leading-none peer-disabled:cursor-not-allowed peer-disabled:opacity-70"[31m
        [36m>[31m
          [0mEmployee[0m
        [36m</label>[31m
        [36m<select[31m
          [33mclass[31m=[32m"w-full p-2 border rounded mb-4"[31m
          [33mdisabled[31m=[32m""[31m
        [36m>[31m
          [36m<option[31m
            [33mvalue[31m=[32m""[31m
          [36m>[31m
            [0mSelect an employee[0m
          [36m</option>[31m
        [36m</select>[31m
        [36m<label[31m
          [33mclass[31m=[32m"text-sm font-medium leading-none peer-disabled:cursor-not-allowed peer-disabled:opacity-70"[31m
        [36m>[31m
          [0mSecurity PIN[0m
        [36m</label>[31m
        [36m<input[31m
          [33mclass[31m=[32m"flex h-10 w-full rounded-md border border-input bg-background px-3 py-2 text-base ring-offset-background file:border-0 file:bg-transparent file:text-sm file:font-medium file:text-foreground placeholder:text-muted-foreground focus-visible:outline-none focus-visible:ring-2 focus-visible:ring-ring focus-visible:ring-offset-2 disabled:cursor-not-allowed disabled:opacity-50 md:text-sm mb-4"[31m
          [33mplaceholder[31m=[32m"4-8 digit PIN"[31m
          [33mtype[31m=[32m"password"[31m
          [33mvalue[31m=[32m"12345"[31m
        [36m/>[31m
        [36m<div[31m
          [33mclass[31m=[32m"flex justify-end"[31m
        [36m>[31m
          [36m<button[31m
            [33mclass[31m=[32m"inline-flex items-center justify-center gap-2 whitespace-nowrap rounded-md text-sm font-medium ring-offset-background transition-colors focus-visible:outline-none focus-visible:ring-2 focus-visible:ring-ring focus-visible:ring-offset-2 disabled:pointer-events-none disabled:opacity-50 [&_svg]:pointer-events-none [&_svg]:size-4 [&_svg]:shrink-0 bg-primary text-primary-foreground hover:bg-primary/90 h-10 px-4 py-2"[31m
            [33mdisabled[31m=[32m""[31m
          [36m>[31m
            [0mVerifying...[0m
          [36m</button>[31m
        [36m</div>[31m
      [36m</div>[31m
    [36m</div>[31m
  [36m</div>[31m
[36m</body>[31m[39m
[90mstderr[2m | src/test/ProtectedRoute.test.tsx[2m > 
[22m[2mProtectedRoute[2m > [22m[2mredirects to settings when 
default_admin_force_reset is true
[22m[39mΓÜá∩╕Å React Router Future Flag Warning: React Router will begin 
wrapping state updates in `React.startTransition` in v7. You can use the 
`v7_startTransition` future flag to opt-in early. For more information, see 
https://reactrouter.com/v6/upgrading/future#v7_starttransition.
ΓÜá∩╕Å React Router Future Flag Warning: Relative route resolution within 
Splat routes is changing in v7. You can use the `v7_relativeSplatPath` future 
flag to opt-in early. For more information, see 
https://reactrouter.com/v6/upgrading/future#v7_relativesplatpath.

 [32mΓ£ô[39m src/test/ProtectedRoute.test.tsx [2m([22m[2m2 tests[22m[2m)[22m[32m 111[2mms[22m[39m
 [32mΓ£ô[39m src/test/example.test.ts [2m([22m[2m1 test[22m[2m)[22m[32m 3[2mms[22m[39m

[31mΓÄ»ΓÄ»ΓÄ»ΓÄ»ΓÄ»ΓÄ»ΓÄ»[39m[1m[41m Failed Tests 1 
[49m[22m[31mΓÄ»ΓÄ»ΓÄ»ΓÄ»ΓÄ»ΓÄ»ΓÄ»[39m

[41m[1m FAIL [22m[49m src/test/employee-login.test.tsx[2m > 
[22mEmployeeLoginPage - default admin fallback[2m > [22mwrites 
default_admin_force_reset flag and redirects to settings
[31m[1mTestingLibraryElementError[22m[39m: Unable to find an accessible 
element with the role "button" and name `/Verify & Sign In/i`

Here are the accessible roles:

  img:

  Name "logo":
  [36m<img[39m
    [33malt[39m=[32m"logo"[39m
    [33mclass[39m=[32m"h-10"[39m
    [33msrc[39m=[32m"/src/assets/medicore-logo.png"[39m
  [36m/>[39m

  --------------------------------------------------
  heading:

  Name "Employee Verification":
  [36m<h2[39m
    [33mclass[39m=[32m"text-xl font-bold"[39m
  [36m/>[39m

  --------------------------------------------------
  strong:

  Name "":
  [36m<strong />[39m

  --------------------------------------------------
  combobox:

  Name "":
  [36m<select[39m
    [33mclass[39m=[32m"w-full p-2 border rounded mb-4"[39m
    [33mdisabled[39m=[32m""[39m
  [36m/>[39m

  --------------------------------------------------
  option:

  Name "Select an employee":
  [36m<option[39m
    [33mvalue[39m=[32m""[39m
  [36m/>[39m

  --------------------------------------------------
  button:

  Name "Verifying...":
  [36m<button[39m
    [33mclass[39m=[32m"inline-flex items-center justify-center gap-2 
whitespace-nowrap rounded-md text-sm font-medium ring-offset-background 
transition-colors focus-visible:outline-none focus-visible:ring-2 
focus-visible:ring-ring focus-visible:ring-offset-2 
disabled:pointer-events-none disabled:opacity-50 [&_svg]:pointer-events-none 
[&_svg]:size-4 [&_svg]:shrink-0 bg-primary text-primary-foreground 
hover:bg-primary/90 h-10 px-4 py-2"[39m
    [33mdisabled[39m=[32m""[39m
  [36m/>[39m

  --------------------------------------------------

Ignored nodes: comments, script, style
[36m<body>[39m
  [36m<div>[39m
    [36m<div[39m
      [33mclass[39m=[32m"min-h-screen flex items-center justify-center 
bg-slate-100"[39m
    [36m>[39m
      [36m<div[39m
        [33mclass[39m=[32m"w-full max-w-md bg-white p-6 rounded-md 
shadow"[39m
      [36m>[39m
        [36m<div[39m
          [33mclass[39m=[32m"flex items-center gap-3 mb-6"[39m
        [36m>[39m
          [36m<img[39m
            [33malt[39m=[32m"logo"[39m
            [33mclass[39m=[32m"h-10"[39m
            [33msrc[39m=[32m"/src/assets/medicore-logo.png"[39m
          [36m/>[39m
          [36m<h2[39m
            [33mclass[39m=[32m"text-xl font-bold"[39m
          [36m>[39m
            [0mEmployee Verification[0m
          [36m</h2>[39m
        [36m</div>[39m
        [36m<div[39m
          [33mclass[39m=[32m"p-3 mb-4 border rounded bg-yellow-50 
text-slate-700"[39m
        [36m>[39m
          [0mNo employee records found. Default administrator is enabled with 
PIN [0m
          [36m<strong>[39m
            [0m12345[0m
          [36m</strong>[39m
          [0m. Please change your password immediately in Settings after 
login.[0m
        [36m</div>[39m
        [36m<label[39m
          [33mclass[39m=[32m"text-sm font-medium leading-none 
peer-disabled:cursor-not-allowed peer-disabled:opacity-70"[39m
        [36m>[39m
          [0mEmployee[0m
        [36m</label>[39m
        [36m<select[39m
          [33mclass[39m=[32m"w-full p-2 border rounded mb-4"[39m
          [33mdisabled[39m=[32m""[39m
        [36m>[39m
          [36m<option[39m
            [33mvalue[39m=[32m""[39m
          [36m>[39m
            [0mSelect an employee[0m
          [36m</option>[39m
        [36m</select>[39m
        [36m<label[39m
          [33mclass[39m=[32m"text-sm font-medium leading-none 
peer-disabled:cursor-not-allowed peer-disabled:opacity-70"[39m
        [36m>[39m
          [0mSecurity PIN[0m
        [36m</label>[39m
        [36m<input[39m
          [33mclass[39m=[32m"flex h-10 w-full rounded-md border 
border-input bg-background px-3 py-2 text-base ring-offset-background 
file:border-0 file:bg-transparent file:text-sm file:font-medium 
file:text-foreground placeholder:text-muted-foreground 
focus-visible:outline-none focus-visible:ring-2 focus-visible:ring-ring 
focus-visible:ring-offset-2 disabled:cursor-not-allowed disabled:opacity-50 
md:text-sm mb-4"[39m
          [33mplaceholder[39m=[32m"4-8 digit PIN"[39m
          [33mtype[39m=[32m"password"[39m
          [33mvalue[39m=[32m"12345"[39m
        [36m/>[39m
        [36m<div[39m
          [33mclass[39m=[32m"flex justify-end"[39m
        [36m>[39m
          [36m<button[39m
            [33mclass[39m=[32m"inline-flex items-center justify-center 
gap-2 whitespace-nowrap rounded-md text-sm font-medium ring-offset-background 
transition-colors focus-visible:outline-none focus-visible:ring-2 
focus-visible:ring-ring focus-visible:ring-offset-2 
disabled:pointer-events-none disabled:opacity-50 [&_svg]:pointer-events-none 
[&_svg]:size-4 [&_svg]:shrink-0 bg-primary text-primary-foreground 
hover:bg-primary/90 h-10 px-4 py-2"[39m
            [33mdisabled[39m=[32m""[39m
          [36m>[39m
            [0mVerifying...[0m
          [36m</button>[39m
        [36m</div>[39m
      [36m</div>[39m
    [36m</div>[39m
  [36m</div>[39m
[36m</body>[39m
[90m [2mΓ¥»[22m Object.getElementError 
node_modules/@testing-library/dom/dist/config.js:[2m37:19[22m[39m
[90m [2mΓ¥»[22m 
node_modules/@testing-library/dom/dist/query-helpers.js:[2m76:38[22m[39m
[90m [2mΓ¥»[22m 
node_modules/@testing-library/dom/dist/query-helpers.js:[2m52:17[22m[39m
[90m [2mΓ¥»[22m getByRole 
node_modules/@testing-library/dom/dist/query-helpers.js:[2m95:19[22m[39m
[36m [2mΓ¥»[22m src/test/employee-login.test.tsx:[2m57:27[22m[39m
    [90m 55| [39m    
fireEvent[33m.[39m[34mchange[39m(pinInput[33m,[39m { target[33m:[39m { 
value[33m:[39m [32m"12345"[39m } })[33m;[39m
    [90m 56| [39m
    [90m 57| [39m    const button = screen.getByRole("button", { name: 
/Verify & Sign IΓÇª
    [90m   | [39m                          [31m^[39m
    [90m 58| [39m    fireEvent[33m.[39m[34mclick[39m(button)[33m;[39m
    [90m 59| [39m

[31m[2mΓÄ»ΓÄ»ΓÄ»ΓÄ»ΓÄ»ΓÄ»ΓÄ»ΓÄ»ΓÄ»ΓÄ»ΓÄ»ΓÄ»ΓÄ»ΓÄ»ΓÄ»ΓÄ»ΓÄ»ΓÄ»ΓÄ»ΓÄ»ΓÄ»ΓÄ»ΓÄ»Γ
Ä»[1/1]ΓÄ»[22m[39m


[2m Test Files [22m [1m[31m1 failed[39m[22m[2m | [22m[1m[32m3 passed[39m[22m[90m (4)[39m
[2m      Tests [22m [1m[31m1 failed[39m[22m[2m | [22m[1m[32m6 passed[39m[22m[90m (7)[39m
[2m   Start at [22m 17:17:01
[2m   Duration [22m 4.89s[2m (transform 367ms, setup 821ms, collect 2.31s, tests 579ms, environment 5.06s, prepare 2.04s)[22m

